#-----------------------------------------------------------
# Vivado v2020.1 (64-bit)
# SW Build 2902540 on Wed May 27 19:54:49 MDT 2020
# IP Build 2902112 on Wed May 27 22:43:36 MDT 2020
# Start of session at: Tue Dec 28 13:06:27 2021
# Process ID: 9808
# Current directory: C:/Users/hasan/Desktop/cs223Project/cs223Project_v2
# Command line: vivado.exe -gui_launcher_event rodinguilauncherevent824 C:\Users\hasan\Desktop\cs223Project\cs223Project_v2\cs223Project_v2.xpr
# Log file: C:/Users/hasan/Desktop/cs223Project/cs223Project_v2/vivado.log
# Journal file: C:/Users/hasan/Desktop/cs223Project/cs223Project_v2\vivado.jou
#-----------------------------------------------------------
start_gui
open_project C:/Users/hasan/Desktop/cs223Project/cs223Project_v2/cs223Project_v2.xpr
update_compile_order -fileset sources_1
set_property top ALU_testbench [get_filesets sim_1]
set_property top_lib xil_defaultlib [get_filesets sim_1]
update_compile_order -fileset sim_1
launch_simulation
source ALU_testbench.tcl
close_sim
launch_simulation
source ALU_testbench.tcl
close_sim
